Step 0, Drone 1, Pos=[0.00116401 0.00049624 0.01725167], Vel=[-0.00043067 -0.00063388  0.00179801], AngVel=[-0.00467867  0.00269507  0.00055577], R=[ 0.9999397  -0.00569078  0.00939174  0.00576019  0.99995618 -0.00737957
 -0.00934933  0.00743323  0.99992867], RelPosBody=[-0.00399831  0.7240087   0.68977923], LinVelBody=[-0.00122456 -0.00038711  0.00223324], RelDronePosBody=[0. 0. 0.], ActionHistory=[ 0.6134074   0.37523228 -0.7844982   0.2532311 ]
Step 1, Drone 1, Pos=[0.00116401 0.00049624 0.01725167], Vel=[-0.00043067 -0.00063388  0.00179801], AngVel=[-0.00072886 -0.00491344  0.00257735], R=[ 0.99994015 -0.00563476  0.00937775  0.0057034   0.99995703 -0.00730859
 -0.00933616  0.00736164  0.99992932], RelPosBody=[-0.00406145  0.72396044  0.68943486], LinVelBody=[-0.00045105 -0.00061819  0.00179847], RelDronePosBody=[0. 0. 0.], ActionHistory=[ 0.6114194   0.37730753 -0.77281773  0.29678112]
Step 2, Drone 1, Pos=[0.0008864  0.00161558 0.01729067], Vel=[-0.00176187  0.00536761  0.00197967], AngVel=[-0.00102686  0.00591917  0.00866508], R=[ 0.99994135 -0.00565225  0.00923799  0.00571972  0.99995705 -0.00729333
 -0.00919637  0.00734574  0.99993073], RelPosBody=[-0.00356179  0.72233589  0.68940635], LinVelBody=[-0.00174927  0.00539188  0.00192411], RelDronePosBody=[0. 0. 0.], ActionHistory=[ 0.61118436  0.37005064 -0.7731331   0.29836535]
Step 3, Drone 1, Pos=[0.00087839 0.00049755 0.01680234], Vel=[-0.00144088  0.00495918 -0.00073805], AngVel=[ 0.00110154 -0.00211842  0.05713367], R=[ 0.99994135 -0.00565225  0.00923799  0.00571972  0.99995705 -0.00729333
 -0.00919637  0.00734574  0.99993073], RelPosBody=[-0.00357887  0.72238937  0.69009708], LinVelBody=[-0.00140565  0.00496169 -0.00078748], RelDronePosBody=[0. 0. 0.], ActionHistory=[ 0.6115323   0.37130567 -0.7746714   0.30243877]
Step 4, Drone 1, Pos=[0.00086728 0.00045903 0.01726117], Vel=[ 0.00016262 -0.00251383  0.00189662], AngVel=[-0.00826193 -0.00105279 -0.03047577], R=[ 0.99994153 -0.00554405  0.00928434  0.00561225  0.99995734 -0.00733564
 -0.00924328  0.00738732  0.99992999], RelPosBody=[-0.0036574   0.72397894  0.69006648], LinVelBody=[-0.00167195 -0.00105184 -0.00078879], RelDronePosBody=[0. 0. 0.], ActionHistory=[ 0.6113719   0.3749614  -0.77631956  0.29167908]
Step 5, Drone 1, Pos=[0.00114923 0.00047174 0.0173032 ], Vel=[ 0.00328744 -0.00356437  0.00214038], AngVel=[ 0.03284698 -0.0011334  -0.06809092], R=[ 0.99994487 -0.00511386  0.00917042  0.00518121  0.99995967 -0.00733517
 -0.00913254  0.00738228  0.99993105], RelPosBody=[-0.00427325  0.72401038  0.68934304], LinVelBody=[ 0.00324924 -0.00356524  0.00219653], RelDronePosBody=[0. 0. 0.], ActionHistory=[ 0.6144493   0.41364217 -0.78267384  0.271305  ]
Step 6, Drone 1, Pos=[0.0007208  0.00041944 0.01801792], Vel=[ 0.00253902 -0.00485491  0.00833527], AngVel=[-0.13939017  0.31976977 -0.27889636], R=[ 0.99996064 -0.00281152  0.00841484  0.00287461  0.99996778 -0.00749555
 -0.00839349  0.00751945  0.9999365 ], RelPosBody=[-0.00479268  0.72417349  0.68820887], LinVelBody=[ 0.002455   -0.00479921  0.0083925 ], RelDronePosBody=[0. 0. 0.], ActionHistory=[ 0.6082763   0.34684473 -0.7818478   0.25904799]
Step 7, Drone 1, Pos=[-3.466202e-04  2.470833e-05  1.814846e-02], Vel=[-0.00133413 -0.0076659   0.00291181], AngVel=[ 0.00171639  0.45382315 -0.0862244 ], R=[ 0.99996064 -0.00281152  0.00841484  0.00287461  0.99996778 -0.00749555
 -0.00839349  0.00751945  0.9999365 ], RelPosBody=[-0.00325334  0.72473583  0.68802974], LinVelBody=[-0.00138055 -0.00764     0.00295786], RelDronePosBody=[0. 0. 0.], ActionHistory=[ 0.5892085   0.40170106 -0.5508378   0.33034065]
Step 8, Drone 1, Pos=[-0.00252135 -0.00203773  0.01742152], Vel=[-0.01012522 -0.01817014  0.00992789], AngVel=[-0.5970201  -0.56139535 -0.04722382], R=[ 0.99996235  0.00487324  0.00718029 -0.00479846  0.99993445 -0.01039537
 -0.00723048  0.01036052  0.99992019], RelPosBody=[-0.0048601   0.7296799   0.68696897], LinVelBody=[-0.01010943 -0.01811543  0.01004328], RelDronePosBody=[0. 0. 0.], ActionHistory=[ 0.52622455 -0.4599136  -0.87753606  0.3514927 ]
Step 9, Drone 1, Pos=[-0.0018687  -0.00735153  0.01758682], Vel=[-0.00461942 -0.0441529   0.02007381], AngVel=[ 0.811539   -0.6985541  -0.07181575], R=[ 9.99980503e-01  6.15662947e-03 -1.04382293e-03 -6.16737983e-03
  9.99924489e-01 -1.06292023e-02  9.78304054e-04  1.06354327e-02
  9.99942964e-01], RelPosBody=[-0.00113466  0.73750684  0.68646777], LinVelBody=[-0.00432738 -0.04396451  0.02054679], RelDronePosBody=[0. 0. 0.], ActionHistory=[ 0.66763026  0.8601661  -0.9559478  -0.18521197]
Step 10, Drone 1, Pos=[-0.00180116 -0.00967405  0.01702366], Vel=[-0.0054521  -0.05357711  0.04923936], AngVel=[ 0.8918735 -1.521615  -0.108973 ], R=[ 0.9997243   0.00781167 -0.02214286 -0.008374    0.99964185 -0.02541747
  0.02193638  0.02559589  0.99943166], RelPosBody=[0.01169666 0.7510529  0.67598545], LinVelBody=[-0.00392181 -0.05234019  0.05069389], RelDronePosBody=[0. 0. 0.], ActionHistory=[ 0.62940544  0.8089402  -0.9652374  -0.22638299]
Step 11, Drone 1, Pos=[-3.2778986e-05 -3.4923786e-03  1.4302274e-02], Vel=[-0.02607571 -0.05947877  0.08545578], AngVel=[ 0.9021294  -2.2677119  -0.08064274], R=[ 0.9997243   0.00781167 -0.02214286 -0.008374    0.99964185 -0.02541747
  0.02193638  0.02559589  0.99943166], RelPosBody=[0.01659908 0.75278055 0.67409776], LinVelBody=[-0.02369586 -0.05747384  0.08749641], RelDronePosBody=[0. 0. 0.], ActionHistory=[ 0.56756365  0.58311963 -0.9518507  -0.16802514]
Step 12, Drone 1, Pos=[-0.00165978 -0.0060958   0.01672643], Vel=[-0.03755217 -0.04948764  0.15508366], AngVel=[ 1.5901543 -3.806555  -0.0728349], R=[ 0.99771579  0.00972201 -0.06684825 -0.0126688   0.99895998 -0.04380013
  0.0663529   0.04454697  0.99680131], RelPosBody=[0.03724772 0.75499269 0.66502128], LinVelBody=[-0.00242429 -0.02277121  0.10886504], RelDronePosBody=[0. 0. 0.], ActionHistory=[ 0.5314041   0.28635842 -0.9232948  -0.2691511 ]
Step 13, Drone 1, Pos=[-0.00206823 -0.00618252  0.02058258], Vel=[-0.07275087 -0.06208827  0.18831028], AngVel=[ 1.3880405  -3.9766643  -0.10714718], R=[ 0.98700166  0.00849513 -0.16048537 -0.02135042  0.99668161 -0.07854895
  0.15928553  0.08095437  0.98390777], RelPosBody=[0.09728512 0.78194232 0.62115788], LinVelBody=[-0.01130489 -0.03708773  0.16250179], RelDronePosBody=[0. 0. 0.], ActionHistory=[ 0.52003586  0.29430088 -0.90730906 -0.39220792]
Step 14, Drone 1, Pos=[-0.00314475 -0.00797536  0.02027042], Vel=[-0.12872374 -0.09241424  0.24180119], AngVel=[ 1.1044085 -3.4548926 -0.0620413], R=[ 0.96106246  0.00164859 -0.27632632 -0.03594301  0.99223267 -0.11908999
  0.27398368  0.12438491  0.95365682], RelPosBody=[0.16723394 0.81126488 0.57010093], LinVelBody=[-0.05414033 -0.06183222  0.27717072], RelDronePosBody=[0. 0. 0.], ActionHistory=[ 0.49523076  0.31965315 -0.9221804  -0.28175426]
Step 15, Drone 1, Pos=[-0.00463125 -0.01006064  0.02689813], Vel=[-0.19893956 -0.12523732  0.30482468], AngVel=[ 1.0445905  -2.4078493   0.04151912], R=[ 0.96106246  0.00164859 -0.27632632 -0.03594301  0.99223267 -0.11908999
  0.27398368  0.12438491  0.95365682], RelPosBody=[0.16656874 0.81305982 0.56005606], LinVelBody=[-0.10317495 -0.08667693  0.36058488], RelDronePosBody=[0. 0. 0.], ActionHistory=[ 0.49569035  0.4313434  -0.93809026 -0.36657053]
Step 16, Drone 1, Pos=[-0.00898166 -0.01479798  0.03265526], Vel=[-0.2894982  -0.17237689  0.33423397], AngVel=[ 0.65368676 -0.6880564   0.1672434 ], R=[ 0.92864071 -0.00753054 -0.37090392 -0.05139531  0.98754136 -0.14872988
  0.36740297  0.15717935  0.91668408], RelPosBody=[0.22103584 0.83726706 0.50156313], LinVelBody=[-0.13718191 -0.11551455  0.43940057], RelDronePosBody=[0. 0. 0.], ActionHistory=[ 0.5340762   0.63416874 -0.95613563 -0.47882938]
Step 17, Drone 1, Pos=[-0.01080741 -0.01631608  0.04285157], Vel=[-0.361481   -0.20073925  0.38322955], AngVel=[ 0.4338606  -0.27401426  0.17723876], R=[ 0.91185546 -0.01786682 -0.41012242 -0.0572683   0.98374656 -0.17018536
  0.40649719  0.17867146  0.89601147], RelPosBody=[0.23906773 0.84825769 0.45665858], LinVelBody=[-0.1623407  -0.12254585  0.52579242], RelDronePosBody=[0. 0. 0.], ActionHistory=[ 0.57064635  0.78437525 -0.96697724 -0.48028135]
Step 18, Drone 1, Pos=[-0.02418113 -0.02153427  0.05325375], Vel=[-0.49061203 -0.24783362  0.4162487 ], AngVel=[ 0.41526747 -0.45909792  0.14866464], R=[ 0.90541169 -0.03271584 -0.42327218 -0.05129837  0.98128967 -0.18557765
  0.42142394  0.18973735  0.88679287], RelPosBody=[0.26395628 0.85738071 0.41613551], LinVelBody=[-0.25607524 -0.14816786  0.62278119], RelDronePosBody=[0. 0. 0.], ActionHistory=[ 0.5267784   0.72887206 -0.96315217 -0.47690088]
Step 19, Drone 1, Pos=[-0.05646319 -0.03576246  0.07120085], Vel=[-0.618324   -0.29951972  0.4274977 ], AngVel=[ 0.6004411  -0.8776859   0.10329857], R=[ 0.90541169 -0.03271584 -0.42327218 -0.05129837  0.98128967 -0.18557765
  0.42142394  0.18973735  0.88679287], RelPosBody=[0.27875632 0.86373278 0.39841781], LinVelBody=[-0.36431512 -0.19257433  0.69640543], RelDronePosBody=[0. 0. 0.], ActionHistory=[ 0.45799795  0.6352624  -0.95090145 -0.49636194]
Step 20, Drone 1, Pos=[-0.07322768 -0.04401612  0.08000617], Vel=[-0.86786294 -0.41202855  0.48857132], AngVel=[ 0.8587152  -1.3497391   0.08251957], R=[ 0.89642403 -0.04480297 -0.44092704 -0.0492253   0.97865668 -0.19951933
  0.44045526  0.20055869  0.87508593], RelPosBody=[0.32215977 0.88272163 0.3262595 ], LinVelBody=[-0.44840574 -0.22147198  0.80913673], RelDronePosBody=[0. 0. 0.], ActionHistory=[ 0.36741897  0.571265   -0.9334474  -0.48564157]
Step 21, Drone 1, Pos=[-0.09635213 -0.0551539   0.09587586], Vel=[-1.0071362 -0.4777924  0.5365336], AngVel=[ 1.0888195  -1.6108406   0.06100104], R=[ 0.879571   -0.05643255 -0.47240896 -0.05611825  0.97370299 -0.22080133
  0.4724464   0.22072121  0.85327402], RelPosBody=[0.35190598 0.89849309 0.25434661], LinVelBody=[-0.60555158 -0.28996829  1.03908755], RelDronePosBody=[0. 0. 0.], ActionHistory=[ 0.29068297  0.5763078  -0.9059142  -0.46823615]
Step 22, Drone 1, Pos=[-0.11692675 -0.06487758  0.10827012], Vel=[-1.126123  -0.5349708  0.5595115], AngVel=[ 1.044819   -1.3682168   0.10546534], R=[ 0.85633406 -0.07478354 -0.51097886 -0.0643334   0.96630351 -0.24923631
  0.51239944  0.24630255  0.82266753], RelPosBody=[0.38067309 0.91182931 0.17518698], LinVelBody=[-0.64322758 -0.29491961  1.1690511 ], RelDronePosBody=[0. 0. 0.], ActionHistory=[ 0.22828248  0.6148873  -0.8933922  -0.4838744 ]
Step 23, Drone 1, Pos=[-0.14037691 -0.07615502  0.11952493], Vel=[-1.2551202 -0.5994262  0.5683112], AngVel=[ 0.7386678  -0.9578192   0.16074787], R=[ 0.85633406 -0.07478354 -0.51097886 -0.0643334   0.96630351 -0.24923631
  0.51239944  0.24630255  0.82266753], RelPosBody=[0.40022944 0.92099919 0.14057187], LinVelBody=[-0.74503667 -0.34538882  1.25826982], RelDronePosBody=[0. 0. 0.], ActionHistory=[ 0.15553606  0.61208326 -0.8951991  -0.46161136]
Step 24, Drone 1, Pos=[-0.16726203 -0.08873761  0.13047376], Vel=[-1.3853372  -0.66430134  0.55851305], AngVel=[ 0.4646122  -0.59909844  0.16693449], R=[ 0.83551112 -0.09456915 -0.54127428 -0.06961095  0.95892362 -0.27499055
  0.54504632  0.26743628  0.7946083 ], RelPosBody=[0.43200165 0.93194626 0.05928877], LinVelBody=[-0.80680653 -0.35663743  1.37632311], RelDronePosBody=[0. 0. 0.], ActionHistory=[ 0.0730164   0.6111734  -0.88617945 -0.453288  ]
Step 25, Drone 1, Pos=[-0.19782974 -0.10322987  0.14454652], Vel=[-1.5240428  -0.73501825  0.5703215 ], AngVel=[ 0.19811453 -0.29536074  0.19291264], R=[ 0.82412573 -0.10796983 -0.55602095 -0.06968825  0.9548765  -0.28871166
  0.56210349  0.27668284  0.77941406], RelPosBody=[ 0.46168379  0.93977102 -0.01023464], LinVelBody=[-0.88420108 -0.37950284  1.50412469], RelDronePosBody=[0. 0. 0.], ActionHistory=[ 0.01002586  0.5877948  -0.8698908  -0.42995173]
Step 26, Drone 1, Pos=[-0.2297023  -0.11858891  0.15567228], Vel=[-1.6456792  -0.79833937  0.5425493 ], AngVel=[ 0.21181689 -0.28608543  0.16684681], R=[ 0.81708777 -0.1184723  -0.56420908 -0.06575129  0.95312172 -0.29535699
  0.57275156  0.27843006  0.7709944 ], RelPosBody=[ 0.49540042  0.94732673 -0.06739593], LinVelBody=[-0.98142657 -0.41488515  1.58260477], RelDronePosBody=[0. 0. 0.], ActionHistory=[-0.01456138  0.57749575 -0.8564806  -0.44494754]
Step 27, Drone 1, Pos=[-0.26572788 -0.13591398  0.16825522], Vel=[-1.762084   -0.85848814  0.5085876 ], AngVel=[ 0.34164408 -0.08962643  0.11486228], R=[ 0.81708777 -0.1184723  -0.56420908 -0.06575129  0.95312172 -0.29535699
  0.57275156  0.27843006  0.7709944 ], RelPosBody=[ 0.52575244  0.95990701 -0.11797446], LinVelBody=[-1.09203625 -0.46787947  1.63986247], RelDronePosBody=[0. 0. 0.], ActionHistory=[-0.05467694  0.6184326  -0.82208866 -0.5112657 ]
Step 28, Drone 1, Pos=[-0.3437407 -0.1737755  0.1876907], Vel=[-1.9611045  -0.96270704  0.3739189 ], AngVel=[ 0.30789328 -0.08525359  0.03787819], R=[ 0.81369895 -0.12689177 -0.56726757 -0.06194221  0.95139848 -0.30166885
  0.5779768   0.28060544  0.76629199], RelPosBody=[ 0.56290618  0.96953176 -0.17507197], LinVelBody=[-1.19748663 -0.50358766  1.67645467], RelDronePosBody=[0. 0. 0.], ActionHistory=[-0.05121555  0.60890365 -0.8127061  -0.5403458 ]
Step 29, Drone 1, Pos=[-0.38363212 -0.19338524  0.19420479], Vel=[-1.9611045  -0.96270704  0.3739189 ], AngVel=[ 0.20023574 -0.19688627  0.08024035], R=[ 0.81127816 -0.13644237 -0.56851669 -0.0585144   0.94855721 -0.31115154
  0.58172486  0.28569686  0.7615599 ], RelPosBody=[ 0.60606298  0.98070269 -0.24066602], LinVelBody=[-1.31715112 -0.5387775   1.69923007], RelDronePosBody=[0. 0. 0.], ActionHistory=[-0.02777258  0.5772687  -0.8215114  -0.5519669 ]
Step 30, Drone 1, Pos=[-0.4264569  -0.21452057  0.19911002], Vel=[-2.0326962  -1.0017474   0.27397344], AngVel=[ 0.16345958 -0.256257    0.01750435], R=[ 0.81127816 -0.13644237 -0.56851669 -0.0585144   0.94855721 -0.31115154
  0.58172486  0.28569686  0.7615599 ], RelPosBody=[ 0.64553372  0.99696093 -0.28922543], LinVelBody=[-1.43108827 -0.59459544  1.67596417], RelDronePosBody=[0. 0. 0.], ActionHistory=[-0.01764717  0.5612783  -0.82486576 -0.5794192 ]
Step 31, Drone 1, Pos=[-0.4706609  -0.23628953  0.20515597], Vel=[-2.1568687  -1.0696993   0.05669587], AngVel=[ 0.28210342 -0.2373974  -0.00422499], R=[ 0.80718674 -0.1409164  -0.57322957 -0.05932258  0.94680695 -0.31628694
  0.58730776  0.28930808  0.75589049], RelPosBody=[ 0.7331051   1.03058601 -0.40268604], LinVelBody=[-1.64424056 -0.69245797  1.6175687 ], RelDronePosBody=[0. 0. 0.], ActionHistory=[-0.04096151  0.53571826 -0.79065436 -0.6422008 ]
Step 32, Drone 1, Pos=[-0.51417506 -0.25806165  0.20487772], Vel=[-2.2012496  -1.0946923  -0.08169708], AngVel=[ 0.29900157 -0.2949382  -0.09357804], R=[ 0.80374086 -0.14439532 -0.57719201 -0.06140544  0.94479235 -0.32186456
  0.59180233  0.29413843  0.75050156], RelPosBody=[ 0.77911747  1.04882343 -0.45949772], LinVelBody=[-1.75036272 -0.74043707  1.56157256], RelDronePosBody=[0. 0. 0.], ActionHistory=[-0.07198672  0.48069105 -0.7572935  -0.65910274]
Step 33, Drone 1, Pos=[-0.55998045 -0.28077206  0.20201062], Vel=[-2.2458317  -1.119008   -0.22647606], AngVel=[ 0.28811204 -0.3584162  -0.1452761 ], R=[ 0.79821259 -0.14971593 -0.58347391 -0.06502433  0.94154563 -0.33055053
  0.598856    0.30178959  0.7418184 ], RelPosBody=[ 0.82703952  1.06674309 -0.52351659], LinVelBody=[-1.85551496 -0.78570838  1.51226879], RelDronePosBody=[0. 0. 0.], ActionHistory=[-0.12344636  0.37642232 -0.70877457 -0.659061  ]
Step 34, Drone 1, Pos=[-0.6074001  -0.30433726  0.19445205], Vel=[-2.2893171 -1.1426953 -0.3865394], AngVel=[ 0.33919775 -0.35326532 -0.16114397], R=[ 0.79265136 -0.15044458 -0.59082167 -0.073748    0.93830041 -0.3378662
  0.60519835  0.31138202  0.73265011], RelPosBody=[ 0.8736517   1.09156501 -0.58539943], LinVelBody=[-1.96429186 -0.84813753  1.45545815], RelDronePosBody=[0. 0. 0.], ActionHistory=[-0.17650127  0.2044113  -0.62091297 -0.6532501 ]
Step 35, Drone 1, Pos=[-0.6558155  -0.32861888  0.18494162], Vel=[-2.3326142 -1.1667919 -0.5410424], AngVel=[ 0.3180826  -0.3357492  -0.22296016], R=[ 0.79265136 -0.15044458 -0.59082167 -0.073748    0.93830041 -0.3378662
  0.60519835  0.31138202  0.73265011], RelPosBody=[ 0.93458798  1.11813332 -0.62834542], LinVelBody=[-2.0903392  -0.91234304  1.37598378], RelDronePosBody=[0. 0. 0.], ActionHistory=[-0.22162683 -0.01734282 -0.52415216 -0.63463664]
Step 36, Drone 1, Pos=[-0.7556845  -0.37831956  0.15704095], Vel=[-2.4129512 -1.2104424 -0.8583113], AngVel=[ 0.19725575 -0.3676965  -0.26383528], R=[ 0.7853045  -0.15580099 -0.59918519 -0.08034958  0.93398394 -0.34816367
  0.61387359  0.32155877  0.72094325], RelPosBody=[ 0.98706957  1.14075908 -0.69358723], LinVelBody=[-2.19666066 -0.96650061  1.32531777], RelDronePosBody=[0. 0. 0.], ActionHistory=[-0.26912868 -0.24173534 -0.4060593  -0.61774457]
Step 37, Drone 1, Pos=[-0.8048768  -0.4020404   0.13920647], Vel=[-2.44731   -1.2277539 -1.0102419], AngVel=[-0.11554908 -0.35932347 -0.15930802], R=[ 0.77815006 -0.15049246 -0.60978234 -0.09705175  0.93039834 -0.35346836
  0.6205348   0.33423187  0.70938397], RelPosBody=[ 1.09758528  1.20705152 -0.79686634], LinVelBody=[-2.29277462 -1.04993764  1.29035586], RelDronePosBody=[0. 0. 0.], ActionHistory=[-0.2941469  -0.41886064 -0.25663757 -0.61444795]
Step 38, Drone 1, Pos=[-0.862407   -0.42956173  0.12143974], Vel=[-2.5068312 -1.2566867 -1.1456288], AngVel=[-0.3255427  -0.25513926 -0.10807256], R=[ 0.7746329  -0.14090507 -0.61651409 -0.1078243   0.9311624  -0.34829658
  0.62315149  0.33627719  0.70611604], RelPosBody=[ 1.15668398  1.25402417 -0.84643189], LinVelBody=[-2.52027285 -1.20220302  1.17424954], RelDronePosBody=[0. 0. 0.], ActionHistory=[-0.3188199  -0.58273625 -0.17301667 -0.6037935 ]
Step 39, Drone 1, Pos=[-0.89193004 -0.45141128  0.13340658], Vel=[-2.5272732 -1.279974  -1.0707493], AngVel=[-0.50174445 -0.06826953 -0.15321052], R=[ 0.7746329  -0.14090507 -0.61651409 -0.1078243   0.9311624  -0.34829658
  0.62315149  0.33627719  0.70611604], RelPosBody=[ 1.17547434  1.27152632 -0.89573971], LinVelBody=[-2.48693568 -1.19582661  1.24783685], RelDronePosBody=[0. 0. 0.], ActionHistory=[-0.31484368 -0.5392573  -0.20701747 -0.6053093 ]
Step 40, Drone 1, Pos=[-0.90624106 -0.45920378  0.11238841], Vel=[-2.4546428 -1.2436069 -1.2235031], AngVel=[-19.51005   14.748916   6.033964], R=[ 0.78691267 -0.14118561 -0.6006955  -0.08422143  0.93978888 -0.33121536
  0.61128979  0.31122899  0.72764092], RelPosBody=[ 1.25105016  1.28680864 -0.83476622], LinVelBody=[-2.5747661  -1.20295737  0.99612365], RelDronePosBody=[0. 0. 0.], ActionHistory=[ 0.3002771  -0.15734188 -0.3988102   0.56106544]
Step 41, Drone 1, Pos=[-0.7322599 -0.457519   0.1729362], Vel=[-2.3693988 -1.2166294 -0.5650237], AngVel=[8.647994  4.5898175 0.880151 ], R=[ 0.91728512 -0.22112133 -0.33119989  0.26603974  0.95912241  0.09647306
  0.29632899 -0.17660564  0.93861578], RelPosBody=[1.47276428 1.00554086 0.22571492], LinVelBody=[-2.66451896 -0.54318552  0.13703249], RelDronePosBody=[0. 0. 0.], ActionHistory=[0.5099613 0.5611422 0.1598961 0.4473738]
Step 42, Drone 1, Pos=[-0.5178072  -0.31175572  0.14091446], Vel=[-1.6957247  -0.3108568  -0.47134486], AngVel=[8.070898   5.4152813  0.47062698], R=[ 0.94759071 -0.2331455   0.21843768  0.09414039  0.85711797  0.50644484
 -0.30530219 -0.45933862  0.83414543], RelPosBody=[0.65835764 0.59020678 1.18550722], LinVelBody=[-1.49221456  0.34541654 -0.92101215], RelDronePosBody=[0. 0. 0.], ActionHistory=[ 0.39398655  0.05323122  0.10740563 -0.34619805]
Step 43, Drone 1, Pos=[-0.48695466 -0.3007482   0.13710135], Vel=[-1.3938379  -0.14398484 -0.4638883 ], AngVel=[7.160775   5.87426    0.39690012], R=[ 0.94759071 -0.2331455   0.21843768  0.09414039  0.85711797  0.50644484
 -0.30530219 -0.45933862  0.83414543], RelPosBody=[0.61311615 0.58446003 1.17236282], LinVelBody=[-1.19271655  0.41463685 -0.7643374 ], RelDronePosBody=[0. 0. 0.], ActionHistory=[ 0.3492692   0.22262716  0.34393436 -0.36772197]
Step 44, Drone 1, Pos=[-0.46105257 -0.24279505  0.07906964], Vel=[-0.9130733 -0.3041703 -0.9967047], AngVel=[5.6203713 5.195729  0.5660933], R=[ 0.87943354 -0.04156129  0.47420386 -0.08781502  0.96491891  0.24742681
 -0.46785165 -0.25923766  0.84493235], RelPosBody=[0.25469564 0.96192429 1.06642512], LinVelBody=[-0.44726366  0.11482559 -1.26755174], RelDronePosBody=[0. 0. 0.], ActionHistory=[ 0.36161584  0.3679556   0.51838994 -0.36195   ]
Step 45, Drone 1, Pos=[-0.4759272  -0.2494069   0.05815392], Vel=[-0.824746   -0.30193567 -1.0848849 ], AngVel=[3.6412752 3.7818995 0.6619928], R=[ 0.78465097  0.09325699  0.61288333 -0.13592035  0.99044559  0.02330632
 -0.60485412 -0.10159064  0.78982962], RelPosBody=[0.00622391 1.06748897 0.94716625], LinVelBody=[-0.07223998 -0.28515875 -1.35392339], RelDronePosBody=[0. 0. 0.], ActionHistory=[ 0.4877339   0.6752747   0.64029294 -0.38286048]
Step 46, Drone 1, Pos=[-0.48618373 -0.2307413   0.02670594], Vel=[-0.824746   -0.30193567 -1.0848849 ], AngVel=[1.2028563 2.0824203 0.621496 ], R=[ 0.78465097  0.09325699  0.61288333 -0.13592035  0.99044559  0.02330632
 -0.60485412 -0.10159064  0.78982962], RelPosBody=[-0.00591774  1.03766145  0.99133361], LinVelBody=[ 0.05009853 -0.26575004 -1.36938431], RelDronePosBody=[0. 0. 0.], ActionHistory=[ 0.5984259   0.81531185  0.72182286 -0.31499943]
Step 47, Drone 1, Pos=[-0.5172919  -0.23346676  0.01003406], Vel=[-0.6046047 -0.2637348 -1.1985346], AngVel=[-1.7643938  -1.1639568   0.27120548], R=[ 0.72552989  0.13977071  0.67384756 -0.12213227  0.98976629 -0.07379966
 -0.67726663 -0.02875467  0.73517554], RelPosBody=[-0.06635523  1.12855439  0.94215854], LinVelBody=[ 0.40527923 -0.31107836 -1.26908121], RelDronePosBody=[0. 0. 0.], ActionHistory=[ 0.63127744 -0.0796913   0.7982559  -0.10715318]
Step 48, Drone 1, Pos=[-0.54633886 -0.23403327  0.00391703], Vel=[-0.50102705 -0.24841017 -1.1185133 ], AngVel=[-2.0718176  -2.7207608   0.00675814], R=[ 0.7257286   0.11509148  0.67828603 -0.10637406  0.99282334 -0.05464775
 -0.6797077  -0.0324926   0.73276304], RelPosBody=[-0.02702716  1.11610739  0.99873885], LinVelBody=[ 0.42307687 -0.26794795 -1.14586984], RelDronePosBody=[0. 0. 0.], ActionHistory=[ 0.5865066  -0.82625     0.3851037  -0.14617474]
Step 49, Drone 1, Pos=[-0.5984365  -0.21239196 -0.00686805], Vel=[-0.44367725 -0.1987256  -1.0462586 ], AngVel=[-1.5141425 -3.3894787 -0.1532872], R=[ 0.78476466  0.09078752  0.61310851 -0.12877138  0.99151086  0.01800401
 -0.60626921 -0.09307974  0.78979352], RelPosBody=[0.10160146 1.02683675 1.1226242 ], LinVelBody=[ 0.3117223  -0.13993347 -1.10192839], RelDronePosBody=[0. 0. 0.], ActionHistory=[ 0.53588176 -0.6508157  -0.80723953 -0.16760822]
Step 50, Drone 1, Pos=[-0.62102807 -0.1867458  -0.01168043], Vel=[-0.31039292 -0.13282155 -0.9445399 ], AngVel=[-0.4578666 -2.7874436 -0.1371472], R=[ 0.78476466  0.09078752  0.61310851 -0.12877138  0.99151086  0.01800401
 -0.60626921 -0.09307974  0.78979352], RelPosBody=[0.12767044 0.99254816 1.14736358], LinVelBody=[ 0.34616368 -0.07195628 -0.93868736], RelDronePosBody=[0. 0. 0.], ActionHistory=[ 0.57816803 -0.06086275 -0.50472194 -0.11739701]
Step 51, Drone 1, Pos=[-0.63586533 -0.17678869 -0.02950978], Vel=[-0.19497932 -0.09321941 -0.9243459 ], AngVel=[ 0.93140525 -1.1634537  -0.20222975], R=[ 0.84292991  0.09657644  0.52928457 -0.15743792  0.9849726   0.07100902
 -0.514473   -0.14318509  0.84546766], RelPosBody=[0.22597623 0.93863656 1.19780851], LinVelBody=[ 0.32587338  0.02170358 -0.89132354], RelDronePosBody=[0. 0. 0.], ActionHistory=[ 0.58248687  0.551666    0.30580896 -0.07256448]
Step 52, Drone 1, Pos=[-0.65541714 -0.18136382 -0.02606651], Vel=[-0.09988255 -0.09539285 -0.7642857 ], AngVel=[ 1.2179835  -0.74522895 -0.29770172], R=[ 0.87361113  0.11165163  0.47364281 -0.16098431  0.98482909  0.06477437
 -0.45922505 -0.13283667  0.87833181], RelPosBody=[0.31849815 0.97046271 1.175263  ], LinVelBody=[ 0.27907738 -0.00357254 -0.72478409], RelDronePosBody=[0. 0. 0.], ActionHistory=[ 0.5602304   0.8096071   0.6267404  -0.25375563]
Step 53, Drone 1, Pos=[-0.6769153  -0.17372759 -0.03861384], Vel=[-0.02817963 -0.06941549 -0.712214  ], AngVel=[ 1.5805217 -0.7926791 -0.2776146], R=[ 0.88472958  0.14876149  0.44172795 -0.18093882  0.98299442  0.03135461
 -0.42955175 -0.10766608  0.89660097], RelPosBody=[0.35348866 1.01457964 1.15573224], LinVelBody=[ 0.29356137  0.0042542  -0.65319599], RelDronePosBody=[0. 0. 0.], ActionHistory=[ 0.5505246   0.85426146  0.5483021  -0.35148895]
Step 54, Drone 1, Pos=[-0.6855792  -0.17266572 -0.03829762], Vel=[ 0.11700349 -0.07119583 -0.5389943 ], AngVel=[ 1.8503267  -0.99204725 -0.2665717 ], R=[ 0.88472958  0.14876149  0.44172795 -0.18093882  0.98299442  0.03135461
 -0.42955175 -0.10766608  0.89660097], RelPosBody=[0.35130312 1.01157533 1.14292767], LinVelBody=[ 0.34792449  0.00545192 -0.43381143], RelDronePosBody=[0. 0. 0.], ActionHistory=[ 0.5369245   0.85752004  0.4979415  -0.36903244]
Step 55, Drone 1, Pos=[-0.6593569  -0.1751711  -0.02721361], Vel=[ 0.18125811 -0.0776375  -0.45870712], AngVel=[ 1.5111618  -0.96086246 -0.2658955 ], R=[ 0.89713685  0.18658514  0.40041411 -0.1973059   0.98023175 -0.01470048
 -0.39524151 -0.06581573  0.91621637], RelPosBody=[0.38796941 1.08204729 1.09063251], LinVelBody=[ 0.35923177 -0.01209253 -0.34655536], RelDronePosBody=[0. 0. 0.], ActionHistory=[ 0.54507715  0.8569492   0.42365018 -0.3594639 ]
Step 56, Drone 1, Pos=[-0.682545   -0.17419647 -0.02628458], Vel=[ 0.3481174  -0.10179129 -0.29667434], AngVel=[ 1.5218492 -0.9204811 -0.2746162], R=[ 0.90838737  0.21979249  0.35570163 -0.2115981   0.97536818 -0.06231503
 -0.36063643 -0.01865961  0.9325198 ], RelPosBody=[0.38275133 1.14215512 0.98452882], LinVelBody=[ 0.44475588 -0.01723457 -0.14648564], RelDronePosBody=[0. 0. 0.], ActionHistory=[ 0.5373709   0.8632417   0.36785296 -0.3935768 ]
Step 57, Drone 1, Pos=[-0.6649933  -0.18684939 -0.00955842], Vel=[ 0.3446625  -0.12718636 -0.21241601], AngVel=[ 0.9725549  -0.5908707  -0.23347446], R=[ 0.90838737  0.21979249  0.35570163 -0.2115981   0.97536818 -0.06231503
 -0.36063643 -0.01865961  0.9325198 ], RelPosBody=[0.41384452 1.14814673 0.99523968], LinVelBody=[ 0.41660439 -0.0443357  -0.0675595 ], RelDronePosBody=[0. 0. 0.], ActionHistory=[ 0.5372501   0.8372662   0.5805553  -0.30712044]
Step 58, Drone 1, Pos=[-0.67041844 -0.18261962 -0.00636235], Vel=[ 0.47503543 -0.20968795  0.02527956], AngVel=[ 0.45793492 -0.38112706 -0.25152028], R=[ 0.91720901  0.24809915  0.31172815 -0.22725916  0.96846593 -0.10211278
 -0.32723218  0.02281568  0.94466848], RelPosBody=[0.41318529 1.21148801 0.89015809], LinVelBody=[ 0.46423853 -0.07387883  0.10785793], RelDronePosBody=[0. 0. 0.], ActionHistory=[ 0.52731013  0.8162087   0.62189406 -0.2311878 ]
Step 59, Drone 1, Pos=[-0.65321976 -0.1907296   0.01701154], Vel=[ 0.5488238  -0.2713417   0.21573284], AngVel=[ 0.4521044  -0.325846   -0.14358765], R=[ 0.92011626  0.27040666  0.2833131  -0.24647104  0.96197768 -0.11769013
 -0.30436507  0.03846013  0.95177871], RelPosBody=[0.40841788 1.23721574 0.81092776], LinVelBody=[ 0.50619801 -0.10432196  0.39275313], RelDronePosBody=[0. 0. 0.], ActionHistory=[ 0.5109748   0.8214721   0.65450025 -0.2057239 ]
Step 60, Drone 1, Pos=[-0.66101724 -0.1557052   0.02821429], Vel=[ 0.58097714 -0.23655029  0.31833705], AngVel=[ 0.62128305 -0.42852616 -0.06530485], R=[ 0.9165128   0.30692347  0.25651954 -0.28365777  0.9508475  -0.12420669
 -0.28203291  0.04107325  0.95852513], RelPosBody=[0.41271711 1.21715076 0.77763643], LinVelBody=[ 0.50979079 -0.03353259  0.48354718], RelDronePosBody=[0. 0. 0.], ActionHistory=[ 0.53175765  0.8446056   0.42799425 -0.2520082 ]
Step 61, Drone 1, Pos=[-0.6419297  -0.15880913  0.05429146], Vel=[ 0.64774585 -0.28411546  0.4963317 ], AngVel=[ 0.82657456 -0.6258168  -0.01450859], R=[ 0.9165128   0.30692347  0.25651954 -0.28365777  0.9508475  -0.12420669
 -0.28203291  0.04107325  0.95852513], RelPosBody=[0.39685779 1.21142558 0.73406214], LinVelBody=[ 0.53427704 -0.05095611  0.67719491], RelDronePosBody=[0. 0. 0.], ActionHistory=[ 0.5409586   0.877679    0.19304043 -0.33835137]
Step 62, Drone 1, Pos=[-0.6522959  -0.13753715  0.07192104], Vel=[ 0.6371958 -0.2753559  0.6106967], AngVel=[ 0.7020656  -0.8358904   0.02960518], R=[ 0.91675254  0.33256414  0.22128236 -0.30832915  0.94131628 -0.13732005
 -0.25396441  0.05766071  0.9654933 ], RelPosBody=[0.42125141 1.21139769 0.67655385], LinVelBody=[ 0.51395592 -0.01207531  0.76843563], RelDronePosBody=[0. 0. 0.], ActionHistory=[ 0.5723147   0.88357556 -0.24760899 -0.3553928 ]
Step 63, Drone 1, Pos=[-0.6528796  -0.14289498  0.09017169], Vel=[ 0.62637734 -0.31848195  0.7054115 ], AngVel=[ 0.60958433 -0.8754737   0.02102315], R=[ 0.92155594  0.3445703   0.1789021  -0.32012817  0.93510179 -0.15199538
 -0.21966477  0.08280064  0.97205527], RelPosBody=[0.44014129 1.23777981 0.60079336], LinVelBody=[ 0.52424275 -0.02357349  0.84616696], RelDronePosBody=[0. 0. 0.], ActionHistory=[ 0.59472185  0.8849838  -0.5285183  -0.3642515 ]
Step 64, Drone 1, Pos=[-0.65532106 -0.13822475  0.11315553], Vel=[ 0.60887796 -0.34158432  0.82297385], AngVel=[ 0.53956187 -1.0903801   0.05548384], R=[ 0.92568931  0.35463973  0.13164332 -0.33332811  0.92923605 -0.15941375
 -0.17886217  0.10368719  0.97839526], RelPosBody=[0.46728708 1.24570371 0.52243579], LinVelBody=[ 0.53029258 -0.01614831  0.93980167], RelDronePosBody=[0. 0. 0.], ActionHistory=[ 0.62844163  0.8800448  -0.78409874 -0.36300656]
Step 65, Drone 1, Pos=[-0.6599076  -0.19848801  0.14795183], Vel=[ 0.54747707 -0.44131058  0.9010205 ], AngVel=[ 0.56410384 -1.2209558  -0.00357845], R=[ 0.92568931  0.35463973  0.13164332 -0.33332811  0.92923605 -0.15941375
 -0.17886217  0.10368719  0.97839526], RelPosBody=[0.4620354  1.283573   0.48894043], LinVelBody=[ 0.4927364  -0.1225003   1.02397689], RelDronePosBody=[0. 0. 0.], ActionHistory=[ 0.62721986  0.8760087  -0.8131827  -0.38379136]
Step 66, Drone 1, Pos=[-0.65917945 -0.22576194  0.16551667], Vel=[ 0.4578755 -0.6342027  0.9865486], AngVel=[ 0.6550811  -1.3489351  -0.08008846], R=[ 0.93941482  0.33253862  0.08317371 -0.31456905  0.93273095 -0.17623644
 -0.13618411  0.13939525  0.98082764], RelPosBody=[0.50696084 1.3240588  0.3987726 ], LinVelBody=[ 0.50975084 -0.20944137  1.05685506], RelDronePosBody=[0. 0. 0.], ActionHistory=[ 0.595629    0.85574096 -0.8402428  -0.4285567 ]
Step 67, Drone 1, Pos=[-0.6613398  -0.25172317  0.17973985], Vel=[ 0.41055825 -0.7209435   1.0060477 ], AngVel=[ 0.75062907 -1.5737782  -0.13573907], R=[ 0.94515017  0.32514493  0.03117591 -0.31394031  0.93061806 -0.18812629
 -0.09018118  0.16802022  0.98164992], RelPosBody=[0.51836898 1.39369792 0.27859656], LinVelBody=[ 0.52364586 -0.36839575  1.13601462], RelDronePosBody=[0. 0. 0.], ActionHistory=[ 0.4330301   0.79724324 -0.8262023  -0.4463954 ]
Step 68, Drone 1, Pos=[-0.6594179  -0.278636    0.19818126], Vel=[ 0.3711196  -0.80818605  1.0420384 ], AngVel=[ 0.7948926  -1.7204316  -0.16954003], R=[ 0.94847065  0.31579936 -0.02596538 -0.3143321   0.92738416 -0.20286435
 -0.03998455  0.20057264  0.97886253], RelPosBody=[0.53050452 1.4260307  0.17321699], LinVelBody=[ 0.56436942 -0.42329522  1.17432826], RelDronePosBody=[0. 0. 0.], ActionHistory=[ 0.2449071   0.7442249  -0.77850795 -0.45205158]
Step 69, Drone 1, Pos=[-0.66146916 -0.30223855  0.2128931 ], Vel=[ 0.3182366  -0.88668036  1.0632378 ], AngVel=[ 0.79587436 -1.7088487  -0.20251071], R=[ 0.94847065  0.31579936 -0.02596538 -0.3143321   0.92738416 -0.20286435
 -0.03998455  0.20057264  0.97886253], RelPosBody=[0.52347386 1.45421766 0.14552425], LinVelBody=[ 0.53803708 -0.50853801  1.21237633], RelDronePosBody=[0. 0. 0.], ActionHistory=[ 0.17190191  0.7146882  -0.7363253  -0.4486661 ]
Step 70, Drone 1, Pos=[-0.6601926  -0.32750508  0.23305815], Vel=[ 0.26977196 -0.9638502   1.0988749 ], AngVel=[ 0.73478967 -1.5688279  -0.21012098], R=[ 0.94507588  0.31481751 -0.0878721  -0.32655114  0.92095973 -0.21259709
  0.01399738  0.22961512  0.97318085], RelPosBody=[0.51442288 1.48411235 0.03719516], LinVelBody=[ 0.58508273 -0.55041999  1.25061036], RelDronePosBody=[0. 0. 0.], ActionHistory=[ 0.04078861  0.69558513 -0.6634364  -0.43571648]
Step 71, Drone 1, Pos=[-0.66166705 -0.35211855  0.2506523 ], Vel=[ 0.21086527 -1.0332949   1.0930874 ], AngVel=[ 0.60131216 -1.1482437  -0.19850211], R=[ 0.93855306  0.3131211  -0.14516656 -0.33935126  0.9139046  -0.22275345
  0.06291958  0.25832838  0.964006  ], RelPosBody=[ 0.50015375  1.51162574 -0.06546985], LinVelBody=[ 0.61733478 -0.5959311   1.25330227], RelDronePosBody=[0. 0. 0.], ActionHistory=[-0.05466339  0.71834284 -0.60320294 -0.4143343 ]
Step 72, Drone 1, Pos=[-0.6606316  -0.37833145  0.27135986], Vel=[ 0.16152233 -1.0987659   1.0900193 ], AngVel=[ 0.49840385 -0.7046012  -0.2085311 ], R=[ 0.93190039  0.31147627 -0.18586069 -0.34960484  0.90785148 -0.23147818
  0.09663394  0.28069241  0.95492076], RelPosBody=[ 0.47588564  1.53608079 -0.15509398], LinVelBody=[ 0.63998944 -0.64124568  1.26520177], RelDronePosBody=[0. 0. 0.], ActionHistory=[-0.15937777  0.74533033 -0.5292111  -0.38851532]
Step 73, Drone 1, Pos=[-0.660784  -0.4338908  0.3131732], Vel=[ 0.10993306 -1.1632875   1.0810847 ], AngVel=[ 0.425784   -0.24405389 -0.25835833], R=[ 0.93190039  0.31147627 -0.18586069 -0.34960484  0.90785148 -0.23147818
  0.09663394  0.28069241  0.95492076], RelPosBody=[ 0.45835284  1.5635448  -0.19379013], LinVelBody=[ 0.61360708 -0.71839848  1.2811937 ], RelDronePosBody=[0. 0. 0.], ActionHistory=[-0.24472678  0.7605401  -0.4429573  -0.34896222]
Step 74, Drone 1, Pos=[-0.66055536 -0.46468475  0.33587325], Vel=[ 0.02831252 -1.2668648   0.97281325], AngVel=[ 0.41903558  0.09645729 -0.18912603], R=[ 0.92707311  0.31279362 -0.20662915 -0.35802437  0.90217345 -0.24062755
  0.11114858  0.2970576   0.94836848], RelPosBody=[ 0.41051398  1.62004501 -0.30649433], LinVelBody=[ 0.60972356 -0.77071771  1.25814001], RelDronePosBody=[0. 0. 0.], ActionHistory=[-0.34677097  0.7538539  -0.3341052  -0.29655197]
Step 75, Drone 1, Pos=[-0.66274536 -0.49421117  0.35357478], Vel=[-0.00797089 -1.3090264   0.87554955], AngVel=[ 0.44965482  0.05197734 -0.11721957], R=[ 0.92639162  0.31196394 -0.21089588 -0.360295    0.89715024 -0.25555617
  0.10948098  0.31272982  0.94351151], RelPosBody=[ 0.39114036  1.64712357 -0.36798419], LinVelBody=[ 0.5601075  -0.9030695   1.16230187], RelDronePosBody=[0. 0. 0.], ActionHistory=[-0.31771544  0.71955454 -0.30538172 -0.27083308]
Step 76, Drone 1, Pos=[-0.665976   -0.5235696   0.36825356], Vel=[-0.04203842 -1.3465644   0.7624341 ], AngVel=[ 0.54098135 -0.09315622 -0.15504847], R=[ 0.92549203  0.31163551 -0.21528541 -0.36306966  0.89183712 -0.26982769
  0.10791163  0.32788697  0.93853354], RelPosBody=[ 0.37266466  1.67460586 -0.42586831], LinVelBody=[ 0.53226597 -0.96402457  1.08796062], RelDronePosBody=[0. 0. 0.], ActionHistory=[-0.26710632  0.6821427  -0.30683738 -0.2764016 ]
Step 77, Drone 1, Pos=[-0.66903484 -0.5542441   0.3817815 ], Vel=[-0.07268823 -1.3851616   0.6536076 ], AngVel=[ 0.6755057  -0.16300437 -0.22579663], R=[ 0.92549203  0.31163551 -0.21528541 -0.36306966  0.89183712 -0.26982769
  0.10791163  0.32788697  0.93853354], RelPosBody=[ 0.35860998  1.7089648  -0.45699995], LinVelBody=[ 0.50616965 -1.04368138  1.00283634], RelDronePosBody=[0. 0. 0.], ActionHistory=[-0.2021019   0.63413537 -0.2969558  -0.25299212]
Step 78, Drone 1, Pos=[-0.67344856 -0.58535475  0.392955  ], Vel=[-0.1031628  -1.4212339   0.54244876], AngVel=[ 0.74525785 -0.23569237 -0.25068936], R=[ 0.92320219  0.31092087 -0.22588919 -0.36805424  0.88445602 -0.28683379
  0.11060644  0.34794506  0.93096748], RelPosBody=[ 0.33690751  1.73647051 -0.52354704], LinVelBody=[ 0.48784937 -1.10035197  0.93596342], RelDronePosBody=[0. 0. 0.], ActionHistory=[-0.18334189  0.6016329  -0.27719885 -0.24007653]
Step 79, Drone 1, Pos=[-0.6776671  -0.6176055   0.40347895], Vel=[-0.12637289 -1.4488002   0.39921907], AngVel=[ 0.65167105 -0.28531295 -0.26186392], R=[ 0.91977019  0.31074317 -0.23971122 -0.37524095  0.87524029 -0.30520265
  0.11496528  0.37066577  0.9216235 ], RelPosBody=[ 0.30945349  1.76229944 -0.59665466], LinVelBody=[ 0.47331149 -1.15934098  0.84040034], RelDronePosBody=[0. 0. 0.], ActionHistory=[-0.16495545  0.5819054  -0.2711111  -0.23573703]
Step 80, Drone 1, Pos=[-0.68800485 -0.6834884   0.41659343], Vel=[-0.15147942 -1.4786267   0.2607219 ], AngVel=[ 0.50911963 -0.26098633 -0.27520815], R=[ 0.91591484  0.31062561 -0.25418839 -0.38288713  0.86616733 -0.32117224
  0.12040535  0.39149188  0.91227006], RelPosBody=[ 0.28200037  1.7894365  -0.66230836], LinVelBody=[ 0.45879721 -1.22572104  0.75124695], RelDronePosBody=[0. 0. 0.], ActionHistory=[-0.15421651  0.5807754  -0.2811736  -0.24840069]
Step 81, Drone 1, Pos=[-0.6938279  -0.7213596   0.41638055], Vel=[-0.17499475 -1.507769    0.13446942], AngVel=[ 0.3962786  -0.214846   -0.28367314], R=[ 0.91591484  0.31062561 -0.25418839 -0.38288713  0.86616733 -0.32117224
  0.12040535  0.39149188  0.91227006], RelPosBody=[ 0.26920117  1.82984386 -0.68921109], LinVelBody=[ 0.43321589 -1.3076944   0.6514076 ], RelDronePosBody=[0. 0. 0.], ActionHistory=[-0.09726082  0.57188296 -0.30452836 -0.24839537]
Step 82, Drone 1, Pos=[-0.700236   -0.75745547  0.41813722], Vel=[-0.22121929 -1.5799996  -0.15240793], AngVel=[ 0.3193817 -0.0842284 -0.2677908], R=[ 0.91145749  0.31309401 -0.26686585 -0.39207456  0.85754842 -0.33299886
  0.12459044  0.40814562  0.90437513], RelPosBody=[ 0.22367243  1.9154981  -0.76500966], LinVelBody=[ 0.39885709 -1.4863932   0.44733999], RelDronePosBody=[0. 0. 0.], ActionHistory=[ 0.03577074  0.5538689  -0.3223319  -0.23876132]
Step 83, Drone 1, Pos=[-0.70716095 -0.7929339   0.41280958], Vel=[-0.2430361 -1.6077973 -0.3079528], AngVel=[ 0.3211405  -0.03743539 -0.28206885], R=[ 0.90799038  0.31660017 -0.27444088 -0.39973722  0.85084833 -0.34097988
  0.12555328  0.41931068  0.89911897], RelPosBody=[ 0.19602627  1.95803582 -0.80095724], LinVelBody=[ 0.38335748 -1.57406479  0.33803936], RelDronePosBody=[0. 0. 0.], ActionHistory=[ 0.1081712   0.5630993  -0.32164288 -0.24009094]
Step 84, Drone 1, Pos=[-0.7149572  -0.83170795  0.4059685 ], Vel=[-0.26630256 -1.6390537  -0.4618203 ], AngVel=[ 0.36145267 -0.09119704 -0.26311204], R=[ 0.9049493   0.31978737 -0.28071836 -0.40691243  0.84330072 -0.35109282
  0.12445494  0.43194899  0.89326986], RelPosBody=[ 0.16811463  2.00371994 -0.84084424], LinVelBody=[ 0.36848519 -1.66685818  0.23768584], RelDronePosBody=[0. 0. 0.], ActionHistory=[ 0.17946167  0.5736682  -0.31459844 -0.25017843]
Step 85, Drone 1, Pos=[-0.722678   -0.8680286   0.39454395], Vel=[-0.28861654 -1.6673831  -0.613389  ], AngVel=[ 0.3684146  -0.29048717 -0.20224303], R=[ 0.90152798  0.32216924 -0.28888456 -0.41402026  0.83633686 -0.35934369
  0.12583532  0.44356245  0.88736567], RelPosBody=[ 0.14160349  2.048985   -0.87326238], LinVelBody=[ 0.35294849 -1.75955362  0.13824009], RelDronePosBody=[0. 0. 0.], ActionHistory=[ 0.24454994  0.5938339  -0.3117802  -0.27582374]
Step 86, Drone 1, Pos=[-0.7312339  -0.9055568   0.38175812], Vel=[-0.31495732 -1.7008315  -0.7491726 ], AngVel=[ 0.26465312 -0.51434624 -0.16376354], R=[ 0.90152798  0.32216924 -0.28888456 -0.41402026  0.83633686 -0.35934369
  0.12583532  0.44356245  0.88736567], RelPosBody=[ 0.13265891  2.10628381 -0.87989908], LinVelBody=[ 0.32596351 -1.8562425   0.03737931], RelDronePosBody=[0. 0. 0.], ActionHistory=[ 0.3201805  0.6271636 -0.3293066 -0.3410462]
Step 87, Drone 1, Pos=[-0.7517091  -0.9913168   0.34716088], Vel=[-0.3467796 -1.7453561 -0.8850618], AngVel=[ 0.1203782  -0.74792033 -0.12122396], R=[ 0.89599387  0.32305885 -0.30467681 -0.42326282  0.82884084 -0.36588449
  0.13432636  0.45678862  0.87937511], RelPosBody=[ 0.10092021  2.15870524 -0.91459689], LinVelBody=[ 0.30914479 -1.96293878 -0.0340469 ], RelDronePosBody=[0. 0. 0.], ActionHistory=[ 0.35101023  0.6443495  -0.31636092 -0.37614092]
Step 88, Drone 1, Pos=[-0.7644124  -1.0369046   0.32444203], Vel=[-0.38490397 -1.8056289  -0.9947625 ], AngVel=[-0.06971555 -0.9286083  -0.06015219], R=[ 0.88807497  0.32366836 -0.32643779 -0.43373318  0.82524355 -0.36173004
  0.15231011  0.4628303   0.87326385], RelPosBody=[ 0.06335105  2.22313651 -0.93742975], LinVelBody=[ 0.2898252  -2.07507104 -0.0898927 ], RelDronePosBody=[0. 0. 0.], ActionHistory=[ 0.3845089   0.6616873  -0.29392776 -0.40891922]
Step 89, Drone 1, Pos=[-0.77759904 -1.0828848   0.29993603], Vel=[-0.49268183 -1.9437916  -1.1834176 ], AngVel=[-0.27204782 -1.0493025   0.03624169], R=[ 0.87701649  0.32481617 -0.35402898 -0.4464955   0.82311937 -0.35087928
  0.17743685  0.46579926  0.86691823], RelPosBody=[ 0.01542058  2.37270417 -0.94589701], LinVelBody=[ 0.25956176 -2.19444082 -0.14078898], RelDronePosBody=[0. 0. 0.], ActionHistory=[ 0.4416723   0.67371    -0.25308332 -0.4461049 ]
Step 90, Drone 1, Pos=[-0.79346997 -1.1335038   0.27343997], Vel=[-0.56379384 -2.028069   -1.2532445 ], AngVel=[-0.3000642  -1.001813    0.08311583], R=[ 0.87701649  0.32481617 -0.35402898 -0.4464955   0.82311937 -0.35087928
  0.17743685  0.46579926  0.86691823], RelPosBody=[ 0.00969167  2.45784862 -0.94648711], LinVelBody=[ 0.18869544 -2.43623263 -0.17525376], RelDronePosBody=[0. 0. 0.], ActionHistory=[ 0.47360325  0.6756574  -0.2079839  -0.45689628]
Step 91, Drone 1, Pos=[-0.8118892  -1.1885605   0.24336012], Vel=[-0.64332306 -2.121313   -1.3250252 ], AngVel=[-0.31108645 -0.8183835   0.11280861], R=[ 0.86460276  0.32536667 -0.38288195 -0.45878052  0.82195315 -0.33751067
  0.2048963   0.46747144  0.85993486], RelPosBody=[-0.02897384  2.55027044 -0.94995023], LinVelBody=[ 0.14550546 -2.5723473  -0.17715276], RelDronePosBody=[0. 0. 0.], ActionHistory=[ 0.48720723  0.66411793 -0.19706817 -0.45208877]
Step 92, Drone 1, Pos=[-0.8332644  -1.2474236   0.21282806], Vel=[-0.7390622 -2.2258172 -1.3721656], AngVel=[-0.23603636 -0.5988559   0.15015092], R=[ 0.85474169  0.32561039 -0.40422088 -0.46616707  0.82403864 -0.32194499
  0.22826499  0.46361427  0.85612902], RelPosBody=[-0.05298163  2.65439399 -0.94055191], LinVelBody=[ 0.09267806 -2.71096125 -0.1594157 ], RelDronePosBody=[0. 0. 0.], ActionHistory=[ 0.49772882  0.6495919  -0.20916519 -0.4457126 ]
Step 93, Drone 1, Pos=[-0.8548903  -1.3101703   0.18735489], Vel=[-0.842611  -2.3381155 -1.376411 ], AngVel=[-0.05686347 -0.43850046  0.17412409], R=[ 0.84948809  0.32262274 -0.41747403 -0.46776889  0.82654317 -0.3130793
  0.2440538   0.4612385   0.85305146], RelPosBody=[-0.06363978  2.75771691 -0.94541352], LinVelBody=[ 0.04199132 -2.83925256 -0.0903656 ], RelDronePosBody=[0. 0. 0.], ActionHistory=[ 0.49851942  0.6381495  -0.21000862 -0.4306618 ]
Step 94, Drone 1, Pos=[-0.82793826 -1.2990108   0.18669447], Vel=[-0.8650674 -2.2598805 -1.1949997], AngVel=[ 0.06619385 -0.50412345  0.03892795], R=[ 0.84948809  0.32262274 -0.41747403 -0.46776889  0.82654317 -0.3130793
  0.2440538   0.4612385   0.85305146], RelPosBody=[-0.0888456   2.73236669 -0.9233814 ], LinVelBody=[ 0.03059312 -2.69815912  0.04926878], RelDronePosBody=[0. 0. 0.], ActionHistory=[ 0.50222385  0.64828247 -0.23245293 -0.4228662 ]
Step 95, Drone 1, Pos=[-0.80009335 -1.3014817   0.15937796], Vel=[-0.8791527 -2.153926  -1.1178973], AngVel=[ 0.13614827 -0.61949235  0.0064526 ], R=[ 0.85964433  0.31232353 -0.40430884 -0.43843533  0.85725202 -0.26998784
  0.26227101  0.4093568   0.87386551], RelPosBody=[-0.0148291   2.79100448 -0.77793192], LinVelBody=[-0.10459349 -2.57865625 -0.03990885], RelDronePosBody=[0. 0. 0.], ActionHistory=[ 0.52339274  0.61125076 -0.3771752  -0.51898307]
Step 96, Drone 1, Pos=[-0.80351853 -1.3519069   0.1515062 ], Vel=[-1.0327913 -2.2301426 -0.9056433], AngVel=[ 0.1173411  -0.68584746 -0.05129246], R=[ 0.85612481  0.30670733 -0.41590976 -0.43492552  0.86230212 -0.25937394
  0.27908798  0.40294623  0.87163309], RelPosBody=[-0.00498966  2.78631801 -0.72408121], LinVelBody=[-0.16004801 -2.56496955  0.0642664 ], RelDronePosBody=[0. 0. 0.], ActionHistory=[ 0.52646136  0.6056565  -0.40240029 -0.535367  ]
Step 97, Drone 1, Pos=[-0.756501   -1.3074073   0.13780808], Vel=[-1.0335634  -2.0511148  -0.78801423], AngVel=[-13.12785    15.3147955  -6.5249505], R=[ 0.86118257  0.29654805 -0.41282423 -0.41215856  0.88271288 -0.2257062
  0.29747253  0.36452329  0.88240176], RelPosBody=[ 0.02056452  2.8089412  -0.57659521], LinVelBody=[-0.23965345 -2.60497589  0.13057704], RelDronePosBody=[0. 0. 0.], ActionHistory=[ 0.52580875  0.56740934 -0.47971004 -0.5658828 ]
Step 98, Drone 1, Pos=[-0.599941  -1.3385192  0.1630353], Vel=[-0.8033803 -2.0734959 -0.1174712], AngVel=[-14.42386   22.443176  -8.370071], R=[ 0.86118257  0.29654805 -0.41282423 -0.41215856  0.88271288 -0.2257062
  0.29747253  0.36452329  0.88240176], RelPosBody=[-0.20272764  2.76841343 -0.52572211], LinVelBody=[ 0.12780751 -2.11136336  0.69599894], RelDronePosBody=[0. 0. 0.], ActionHistory=[ 0.54412353  0.33486316 -0.04643356  0.07782348]
Step 99, Drone 1, Pos=[-0.37247235 -1.1574557   0.12142657], Vel=[ 0.02774286 -1.5109382  -0.20708236], AngVel=[ 3.9251847 -2.4777405 -0.8569254], R=[ 0.76590416  0.49876174  0.40574321 -0.52534605  0.84927938 -0.05230731
 -0.37067823 -0.1730932   0.91248912], RelPosBody=[-1.0445282   2.19888202  0.58987724], LinVelBody=[ 0.8917747  -1.23352701 -0.09867081], RelDronePosBody=[0. 0. 0.], ActionHistory=[ 0.48578736  0.49878854 -0.34530395 -0.309362  ]
Step 100, Drone 1, Pos=[-0.40245566 -1.1691724   0.12914594], Vel=[ 0.1791297  -1.5097262   0.08675269], AngVel=[ 3.224809  -3.5952046 -0.5621424], R=[ 0.71168199  0.55344509  0.43267456 -0.58803973  0.80628734 -0.06410935
 -0.38434102 -0.20880436  0.89926788], RelPosBody=[-1.20552019  2.14598452  0.5765574 ], LinVelBody=[ 0.98191973 -1.13624897  0.25230634], RelDronePosBody=[0. 0. 0.], ActionHistory=[ 0.51036656  0.40902925 -0.62350804 -0.41652074]
Step 101, Drone 1, Pos=[-0.41114706 -1.0811026   0.11712153], Vel=[ 0.19939287 -1.2511948   0.05097299], AngVel=[ 1.5048441 -4.4449925 -0.1379776], R=[ 0.71168199  0.55344509  0.43267456 -0.58803973  0.80628734 -0.06410935
 -0.38434102 -0.20880436  0.89926788], RelPosBody=[-1.12873722  2.0470996   0.60565698], LinVelBody=[ 0.85806558 -0.90911293  0.21232388], RelDronePosBody=[0. 0. 0.], ActionHistory=[ 0.56207615  0.20098773 -0.801622   -0.5831545 ]
Step 102, Drone 1, Pos=[-0.48839572 -1.0429589   0.13278498], Vel=[ 0.14902668 -1.1790425   0.21420354], AngVel=[ 0.47413096 -4.228304    0.11757125], R=[ 0.74659071  0.60061559  0.28611752 -0.61957041  0.78437322 -0.0298523
 -0.24235267 -0.1549825   0.9577294 ], RelPosBody=[-0.97911369  2.08201097  0.64096055], LinVelBody=[ 0.78984896 -0.86849938  0.28298529], RelDronePosBody=[0. 0. 0.], ActionHistory=[ 0.58095235  0.12264334 -0.8383264  -0.67971146]
Step 103, Drone 1, Pos=[-0.4772316  -0.94668925  0.11245518], Vel=[ 0.15820648 -0.8736098   0.09732489], AngVel=[-0.07033215 -3.5659678   0.19673108], R=[ 0.7770226   0.60845216  0.1613129  -0.6232638   0.77957125  0.06173248
 -0.08819364 -0.14850802  0.98497068], RelPosBody=[-0.81316784  1.95814889  0.78867804], LinVelBody=[ 0.65883592 -0.59923353  0.06745281], RelDronePosBody=[0. 0. 0.], ActionHistory=[ 0.5693196   0.17682786 -0.89007205 -0.54991555]
Step 104, Drone 1, Pos=[-0.5280989  -0.89793414  0.12053531], Vel=[ 0.12013338 -0.739831    0.1868081 ], AngVel=[-0.16726528 -2.6813018   0.3634779 ], R=[ 0.77641953  0.62622532  0.07081358 -0.62907687  0.76335355  0.1468116
  0.03788135 -0.15853458  0.98662647], RelPosBody=[-0.65482958  1.92512336  0.88799162], LinVelBody=[ 0.565761   -0.51913758  0.08420111], RelDronePosBody=[0. 0. 0.], ActionHistory=[ 0.5423877   0.3881975  -0.9188637  -0.45960894]
Step 105, Drone 1, Pos=[-0.54140913 -0.82555485  0.10489751], Vel=[ 0.08092529 -0.5012362   0.1123472 ], AngVel=[ 0.06692163 -1.9407547   0.38529843], R=[ 0.77641953  0.62622532  0.07081358 -0.62907687  0.76335355  0.1468116
  0.03788135 -0.15853458  0.98662647], RelPosBody=[-0.57357596  1.85403589  0.89625971], LinVelBody=[ 0.38240394 -0.34975389  0.04298804], RelDronePosBody=[0. 0. 0.], ActionHistory=[ 0.57855266  0.69832987 -0.92378193 -0.41689086]
Step 106, Drone 1, Pos=[-0.55335164 -0.7947147   0.10697375], Vel=[ 0.09370563 -0.3741585   0.16637672], AngVel=[ 0.38070586 -1.5926192   0.45467916], R=[ 0.78540352  0.61875244  0.01693333 -0.60732391  0.76503508  0.21419381
  0.11957835 -0.17851258  0.9766444 ], RelPosBody=[-0.43852658  1.81727396  0.96501182], LinVelBody=[ 0.32072719 -0.25796413  0.08393521], RelDronePosBody=[0. 0. 0.], ActionHistory=[ 0.58859646  0.72645557 -0.92998827 -0.4358062 ]
Step 107, Drone 1, Pos=[-0.5806428  -0.74327207  0.10246934], Vel=[ 0.03311182 -0.12098818  0.20135258], AngVel=[ 0.7757049 -1.6826682  0.4824366], R=[ 0.78920725  0.61328476 -0.0321515  -0.5881744   0.76987788  0.24766694
  0.17664308 -0.17654986  0.96831161], RelPosBody=[-0.31320168  1.79858637  0.97927392], LinVelBody=[ 0.19571466 -0.17032593  0.09081441], RelDronePosBody=[0. 0. 0.], ActionHistory=[ 0.578025    0.6616595  -0.9410538  -0.44031712]
Step 108, Drone 1, Pos=[-0.5908386  -0.7433645   0.10937971], Vel=[ 0.03311182 -0.12098818  0.20135258], AngVel=[ 1.0221274 -1.9240257  0.5167816], R=[ 0.78920725  0.61328476 -0.0321515  -0.5881744   0.76987788  0.24766694
  0.17664308 -0.17654986  0.96831161], RelPosBody=[-0.28210579  1.79985657  0.9601896 ], LinVelBody=[ 0.13286178 -0.10838791  0.16394268], RelDronePosBody=[0. 0. 0.], ActionHistory=[ 0.5666253   0.5594889  -0.9406209  -0.43281364]
Step 109, Drone 1, Pos=[-0.61208695 -0.73390055  0.11410071], Vel=[-0.07741123  0.0322918   0.32150796], AngVel=[ 1.13581   -2.175657   0.5438939], R=[ 0.79126033  0.60406561 -0.09493065 -0.56612287  0.78236278  0.25964086
  0.23111032 -0.1517011   0.96102799], RelPosBody=[-0.17994417  1.83717399  0.91117042], LinVelBody=[-0.00522976 -0.07027067  0.32471112], RelDronePosBody=[0. 0. 0.], ActionHistory=[ 0.5543514   0.36695674 -0.94110733 -0.4403386 ]
Step 110, Drone 1, Pos=[-0.6373423  -0.7379789   0.13184392], Vel=[-0.16904022  0.07794353  0.42291412], AngVel=[ 0.9700123 -2.0912197  0.538933 ], R=[ 0.78593327  0.59357146 -0.1731526  -0.54150529  0.79594321  0.27064077
  0.29846427 -0.11894254  0.94698033], RelPosBody=[-0.08574852  1.89952207  0.82511052], LinVelBody=[-0.04883641 -0.0886013   0.4508558 ], RelDronePosBody=[0. 0. 0.], ActionHistory=[ 0.5491725   0.3041918  -0.9443592  -0.45875296]
Step 111, Drone 1, Pos=[-0.65327096 -0.7316967   0.1397943 ], Vel=[-0.24710496  0.1518843   0.45825395], AngVel=[ 0.7676887  -2.000558    0.48366186], R=[ 0.77738184  0.58013006 -0.24315961 -0.51637669  0.80930184  0.27997438
  0.35921108 -0.09208505  0.92870218], RelPosBody=[1.74336976e-03 1.93225917e+00 7.49110657e-01], LinVelBody=[-0.10591452 -0.0626311   0.5281911 ], RelDronePosBody=[0. 0. 0.], ActionHistory=[ 0.5438396   0.24025835 -0.9478588  -0.43607262]
Step 112, Drone 1, Pos=[-0.66679543 -0.7354551   0.15764132], Vel=[-0.34700888  0.20761763  0.57098293], AngVel=[ 0.4713847  -1.7026983   0.42735675], R=[ 0.77738184  0.58013006 -0.24315961 -0.51637669  0.80930184  0.27997438
  0.35921108 -0.09208505  0.92870218], RelPosBody=[0.00485502 1.95029327 0.7220386 ], LinVelBody=[-0.17186391 -0.08586395  0.67277926], RelDronePosBody=[0. 0. 0.], ActionHistory=[ 0.53037965  0.20790422 -0.9501933  -0.39738557]
Step 113, Drone 1, Pos=[-0.6775061  -0.7304155   0.16875166], Vel=[-0.43183872  0.28243113  0.6068733 ], AngVel=[ 0.3413135  -1.5716177   0.37901098], R=[ 0.76620581  0.56617767 -0.3039268  -0.49184949  0.82109459  0.28963385
  0.41353687 -0.07243289  0.90760164], RelPosBody=[0.07327245 1.97148518 0.64920539], LinVelBody=[-0.21882647 -0.05655236  0.76384815], RelDronePosBody=[0. 0. 0.], ActionHistory=[ 0.522313    0.12950861 -0.9510528  -0.35498947]
Step 114, Drone 1, Pos=[-0.696158   -0.7198754   0.18663871], Vel=[-0.52549523  0.35932937  0.6349694 ], AngVel=[ 0.23850648 -1.5930787   0.28416395], R=[ 0.75572462  0.5543851  -0.34862222 -0.46807825  0.82956352  0.30451127
  0.45802079 -0.06694418  0.88641719], RelPosBody=[0.14194837 1.98162097 0.58507515], LinVelBody=[-0.27449476 -0.03574769  0.85546696], RelDronePosBody=[0. 0. 0.], ActionHistory=[ 0.5112034   0.01259518 -0.94444275 -0.26445645]
Step 115, Drone 1, Pos=[-0.7113395  -0.70236075  0.2208483 ], Vel=[-0.6185403   0.4482651   0.72921187], AngVel=[ 0.2928803  -1.6254351   0.21729873], R=[ 0.74338294  0.54378133 -0.38946588 -0.44533714  0.83684063  0.31839062
  0.49905575 -0.06324253  0.86425907], RelPosBody=[0.18306339 1.98054282 0.51570981], LinVelBody=[-0.29552402 -0.00734141  1.01385171], RelDronePosBody=[0. 0. 0.], ActionHistory=[ 0.49687377 -0.05076258 -0.93020886 -0.18220742]
Step 116, Drone 1, Pos=[-0.72372293 -0.7055117   0.25169882], Vel=[-0.8066773  0.5427202  0.7983849], AngVel=[29.047659 28.276316 24.975285], R=[ 0.74863649  0.50882887 -0.42501364 -0.43167475  0.86066496  0.27002359
  0.50319014 -0.01868185  0.86397377], RelPosBody=[0.21063464 2.01648916 0.33453372], LinVelBody=[-0.43644724  0.04172426  1.17917971], RelDronePosBody=[0. 0. 0.], ActionHistory=[ 0.5072686   0.28058064 -0.9203881  -0.37812907]
Step 117, Drone 1, Pos=[-0.62810993 -0.8011497   0.28170818], Vel=[-0.8299965   0.19951136  0.9658815 ], AngVel=[25.340284 31.947771 33.113285], R=[ 0.74863649  0.50882887 -0.42501364 -0.43167475  0.86066496  0.27002359
  0.50319014 -0.01868185  0.86397377], RelPosBody=[0.02647314 2.06574057 0.39286882], LinVelBody=[-0.22146764 -0.26865821  1.24112892], RelDronePosBody=[0. 0. 0.], ActionHistory=[0.59884584 0.5028099  0.24842952 0.45476738]
Step 118, Drone 1, Pos=[-0.44987333 -0.92521363  0.32237813], Vel=[-0.4544336  -0.17482689  0.97003305], AngVel=[34.085247 35.169025 34.36992 ], R=[ 0.76195761 -0.43023557  0.484064    0.62211163  0.6939809  -0.36244674
 -0.17999369  0.5773109   0.79643857], RelPosBody=[ 1.72333381  1.29245846 -0.22642588], LinVelBody=[-0.6296208   0.63419762  0.61596223], RelDronePosBody=[0. 0. 0.], ActionHistory=[0.6664669  0.53797734 0.42285615 0.7602208 ]
Step 119, Drone 1, Pos=[-0.3866618  -0.9389302   0.33480388], Vel=[-0.10617837 -0.1133041   0.8372381 ], AngVel=[-9.384259 34.895996 32.689175], R=[-0.40839844  0.12989759  0.90351388  0.82922878 -0.36096143  0.42671592
  0.38156303  0.92348983  0.03970127], RelPosBody=[ 1.58066603 -0.45566058  1.39588352], LinVelBody=[ 0.26886716  0.80028694 -0.11104288], RelDronePosBody=[0. 0. 0.], ActionHistory=[0.27822608 0.6498935  0.05971069 0.6305702 ]
